../Src/EXTI_program.c:29:7:EXTI_voidEnableInt	16	static
../Src/EXTI_program.c:35:7:EXTI_voidDisableInt	16	static
../Src/EXTI_program.c:43:7:EXTI_voidEnableSWI	16	static
../Src/EXTI_program.c:50:7:EXTI_voidChangeSenseMode	16	static
../Src/EXTI_program.c:66:7:EXTI_voidSetCallBack	16	static
../Src/EXTI_program.c:78:6:EXTI0_IRQHandler	8	static
../Src/EXTI_program.c:88:6:EXTI1_IRQHandler	8	static
../Src/EXTI_program.c:98:6:EXTI2_IRQHandler	8	static
../Src/EXTI_program.c:108:6:EXTI3_IRQHandler	8	static
../Src/EXTI_program.c:118:6:EXTI9_5_IRQHandler	8	static
