Archive member included to satisfy reference by file (symbol)

C:/ST/STM32CubeIDE_1.13.2/STM32CubeIDE/plugins/com.st.stm32cube.ide.mcu.externaltools.gnu-tools-for-stm32.11.3.rel1.win32_1.1.1.202309131626/tools/bin/../lib/gcc/arm-none-eabi/11.3.1/../../../../arm-none-eabi/lib/thumb/v7-m/nofp\libc_nano.a(libc_a-exit.o)
                              C:/ST/STM32CubeIDE_1.13.2/STM32CubeIDE/plugins/com.st.stm32cube.ide.mcu.externaltools.gnu-tools-for-stm32.11.3.rel1.win32_1.1.1.202309131626/tools/bin/../lib/gcc/arm-none-eabi/11.3.1/../../../../arm-none-eabi/lib/thumb/v7-m/nofp/crt0.o (exit)
C:/ST/STM32CubeIDE_1.13.2/STM32CubeIDE/plugins/com.st.stm32cube.ide.mcu.externaltools.gnu-tools-for-stm32.11.3.rel1.win32_1.1.1.202309131626/tools/bin/../lib/gcc/arm-none-eabi/11.3.1/../../../../arm-none-eabi/lib/thumb/v7-m/nofp\libc_nano.a(libc_a-findfp.o)
                              C:/ST/STM32CubeIDE_1.13.2/STM32CubeIDE/plugins/com.st.stm32cube.ide.mcu.externaltools.gnu-tools-for-stm32.11.3.rel1.win32_1.1.1.202309131626/tools/bin/../lib/gcc/arm-none-eabi/11.3.1/../../../../arm-none-eabi/lib/thumb/v7-m/nofp\libc_nano.a(libc_a-exit.o) (__stdio_exit_handler)
C:/ST/STM32CubeIDE_1.13.2/STM32CubeIDE/plugins/com.st.stm32cube.ide.mcu.externaltools.gnu-tools-for-stm32.11.3.rel1.win32_1.1.1.202309131626/tools/bin/../lib/gcc/arm-none-eabi/11.3.1/../../../../arm-none-eabi/lib/thumb/v7-m/nofp\libc_nano.a(libc_a-fwalk.o)
                              C:/ST/STM32CubeIDE_1.13.2/STM32CubeIDE/plugins/com.st.stm32cube.ide.mcu.externaltools.gnu-tools-for-stm32.11.3.rel1.win32_1.1.1.202309131626/tools/bin/../lib/gcc/arm-none-eabi/11.3.1/../../../../arm-none-eabi/lib/thumb/v7-m/nofp\libc_nano.a(libc_a-findfp.o) (_fwalk_sglue)
C:/ST/STM32CubeIDE_1.13.2/STM32CubeIDE/plugins/com.st.stm32cube.ide.mcu.externaltools.gnu-tools-for-stm32.11.3.rel1.win32_1.1.1.202309131626/tools/bin/../lib/gcc/arm-none-eabi/11.3.1/../../../../arm-none-eabi/lib/thumb/v7-m/nofp\libc_nano.a(libc_a-stdio.o)
                              C:/ST/STM32CubeIDE_1.13.2/STM32CubeIDE/plugins/com.st.stm32cube.ide.mcu.externaltools.gnu-tools-for-stm32.11.3.rel1.win32_1.1.1.202309131626/tools/bin/../lib/gcc/arm-none-eabi/11.3.1/../../../../arm-none-eabi/lib/thumb/v7-m/nofp\libc_nano.a(libc_a-findfp.o) (__sread)
C:/ST/STM32CubeIDE_1.13.2/STM32CubeIDE/plugins/com.st.stm32cube.ide.mcu.externaltools.gnu-tools-for-stm32.11.3.rel1.win32_1.1.1.202309131626/tools/bin/../lib/gcc/arm-none-eabi/11.3.1/../../../../arm-none-eabi/lib/thumb/v7-m/nofp\libc_nano.a(libc_a-memset.o)
                              C:/ST/STM32CubeIDE_1.13.2/STM32CubeIDE/plugins/com.st.stm32cube.ide.mcu.externaltools.gnu-tools-for-stm32.11.3.rel1.win32_1.1.1.202309131626/tools/bin/../lib/gcc/arm-none-eabi/11.3.1/../../../../arm-none-eabi/lib/thumb/v7-m/nofp/crt0.o (memset)
C:/ST/STM32CubeIDE_1.13.2/STM32CubeIDE/plugins/com.st.stm32cube.ide.mcu.externaltools.gnu-tools-for-stm32.11.3.rel1.win32_1.1.1.202309131626/tools/bin/../lib/gcc/arm-none-eabi/11.3.1/../../../../arm-none-eabi/lib/thumb/v7-m/nofp\libc_nano.a(libc_a-closer.o)
                              C:/ST/STM32CubeIDE_1.13.2/STM32CubeIDE/plugins/com.st.stm32cube.ide.mcu.externaltools.gnu-tools-for-stm32.11.3.rel1.win32_1.1.1.202309131626/tools/bin/../lib/gcc/arm-none-eabi/11.3.1/../../../../arm-none-eabi/lib/thumb/v7-m/nofp\libc_nano.a(libc_a-stdio.o) (_close_r)
C:/ST/STM32CubeIDE_1.13.2/STM32CubeIDE/plugins/com.st.stm32cube.ide.mcu.externaltools.gnu-tools-for-stm32.11.3.rel1.win32_1.1.1.202309131626/tools/bin/../lib/gcc/arm-none-eabi/11.3.1/../../../../arm-none-eabi/lib/thumb/v7-m/nofp\libc_nano.a(libc_a-reent.o)
                              C:/ST/STM32CubeIDE_1.13.2/STM32CubeIDE/plugins/com.st.stm32cube.ide.mcu.externaltools.gnu-tools-for-stm32.11.3.rel1.win32_1.1.1.202309131626/tools/bin/../lib/gcc/arm-none-eabi/11.3.1/../../../../arm-none-eabi/lib/thumb/v7-m/nofp\libc_nano.a(libc_a-closer.o) (errno)
C:/ST/STM32CubeIDE_1.13.2/STM32CubeIDE/plugins/com.st.stm32cube.ide.mcu.externaltools.gnu-tools-for-stm32.11.3.rel1.win32_1.1.1.202309131626/tools/bin/../lib/gcc/arm-none-eabi/11.3.1/../../../../arm-none-eabi/lib/thumb/v7-m/nofp\libc_nano.a(libc_a-impure.o)
                              C:/ST/STM32CubeIDE_1.13.2/STM32CubeIDE/plugins/com.st.stm32cube.ide.mcu.externaltools.gnu-tools-for-stm32.11.3.rel1.win32_1.1.1.202309131626/tools/bin/../lib/gcc/arm-none-eabi/11.3.1/../../../../arm-none-eabi/lib/thumb/v7-m/nofp\libc_nano.a(libc_a-reent.o) (_impure_ptr)
C:/ST/STM32CubeIDE_1.13.2/STM32CubeIDE/plugins/com.st.stm32cube.ide.mcu.externaltools.gnu-tools-for-stm32.11.3.rel1.win32_1.1.1.202309131626/tools/bin/../lib/gcc/arm-none-eabi/11.3.1/../../../../arm-none-eabi/lib/thumb/v7-m/nofp\libc_nano.a(libc_a-lseekr.o)
[...]
Memory Configuration

Name             Origin             Length             Attributes
RAM              0x0000000020000000 0x0000000000005000 xrw
FLASH            0x0000000008000000 0x0000000000010000 xr
*default*        0x0000000000000000 0xffffffffffffffff

Linker script and memory map

LOAD C:/ST/STM32CubeIDE_1.13.2/STM32CubeIDE/plugins/com.st.stm32cube.ide.mcu.externaltools.gnu-tools-for-stm32.11.3.rel1.win32_1.1.1.202309131626/tools/bin/../lib/gcc/arm-none-eabi/11.3.1/thumb/v7-m/nofp/crti.o
LOAD C:/ST/STM32CubeIDE_1.13.2/STM32CubeIDE/plugins/com.st.stm32cube.ide.mcu.externaltools.gnu-tools-for-stm32.11.3.rel1.win32_1.1.1.202309131626/tools/bin/../lib/gcc/arm-none-eabi/11.3.1/thumb/v7-m/nofp/crtbegin.o
LOAD C:/ST/STM32CubeIDE_1.13.2/STM32CubeIDE/plugins/com.st.stm32cube.ide.mcu.externaltools.gnu-tools-for-stm32.11.3.rel1.win32_1.1.1.202309131626/tools/bin/../lib/gcc/arm-none-eabi/11.3.1/../../../../arm-none-eabi/lib/thumb/v7-m/nofp/crt0.o
LOAD ./Src/AFIO_program.o
LOAD ./Src/DIO_program.o
LOAD ./Src/EXTI_program.o
LOAD ./Src/GSM_program.o
LOAD ./Src/I2C_program.o
LOAD ./Src/NVIC_program.o
LOAD ./Src/RCC_program.o
LOAD ./Src/SHT.o
LOAD ./Src/SoilSensor.o
LOAD ./Src/USART3_program.o
LOAD ./Src/USART_program.o
LOAD ./Src/main.o
LOAD ./Src/syscalls.o
LOAD ./Src/sysmem.o
LOAD ./Startup/startup_stm32f103c8tx.o
START GROUP
LOAD C:/ST/STM32CubeIDE_1.13.2/STM32CubeIDE/plugins/com.st.stm32cube.ide.mcu.externaltools.gnu-tools-for-stm32.11.3.rel1.win32_1.1.1.202309131626/tools/bin/../lib/gcc/arm-none-eabi/11.3.1/../../../../arm-none-eabi/lib/thumb/v7-m/nofp\libc_nano.a
LOAD C:/ST/STM32CubeIDE_1.13.2/STM32CubeIDE/plugins/com.st.stm32cube.ide.mcu.externaltools.gnu-tools-for-stm32.11.3.rel1.win32_1.1.1.202309131626/tools/bin/../lib/gcc/arm-none-eabi/11.3.1/../../../../arm-none-eabi/lib/thumb/v7-m/nofp\libm.a
END GROUP
START GROUP
LOAD C:/ST/STM32CubeIDE_1.13.2/STM32CubeIDE/plugins/com.st.stm32cube.ide.mcu.externaltools.gnu-tools-for-stm32.11.3.rel1.win32_1.1.1.202309131626/tools/bin/../lib/gcc/arm-none-eabi/11.3.1/thumb/v7-m/nofp\libgcc.a
LOAD C:/ST/STM32CubeIDE_1.13.2/STM32CubeIDE/plugins/com.st.stm32cube.ide.mcu.externaltools.gnu-tools-for-stm32.11.3.rel1.win32_1.1.1.202309131626/tools/bin/../lib/gcc/arm-none-eabi/11.3.1/../../../../arm-none-eabi/lib/thumb/v7-m/nofp\libc_nano.a
END GROUP
START GROUP
LOAD C:/ST/STM32CubeIDE_1.13.2/STM32CubeIDE/plugins/com.st.stm32cube.ide.mcu.externaltools.gnu-tools-for-stm32.11.3.rel1.win32_1.1.1.202309131626/tools/bin/../lib/gcc/arm-none-eabi/11.3.1/thumb/v7-m/nofp\libgcc.a
LOAD C:/ST/STM32CubeIDE_1.13.2/STM32CubeIDE/plugins/com.st.stm32cube.ide.mcu.externaltools.gnu-tools-for-stm32.11.3.rel1.win32_1.1.1.202309131626/tools/bin/../lib/gcc/arm-none-eabi/11.3.1/../../../../arm-none-eabi/lib/thumb/v7-m/nofp\libc_nano.a
LOAD C:/ST/STM32CubeIDE_1.13.2/STM32CubeIDE/plugins/com.st.stm32cube.ide.mcu.externaltools.gnu-tools-for-stm32.11.3.rel1.win32_1.1.1.202309131626/tools/bin/../lib/gcc/arm-none-eabi/11.3.1/../../../../arm-none-eabi/lib/thumb/v7-m/nofp\libnosys.a
END GROUP
START GROUP
LOAD C:/ST/STM32CubeIDE_1.13.2/STM32CubeIDE/plugins/com.st.stm32cube.ide.mcu.externaltools.gnu-tools-for-stm32.11.3.rel1.win32_1.1.1.202309131626/tools/bin/../lib/gcc/arm-none-eabi/11.3.1/thumb/v7-m/nofp\libgcc.a
LOAD C:/ST/STM32CubeIDE_1.13.2/STM32CubeIDE/plugins/com.st.stm32cube.ide.mcu.externaltools.gnu-tools-for-stm32.11.3.rel1.win32_1.1.1.202309131626/tools/bin/../lib/gcc/arm-none-eabi/11.3.1/../../../../arm-none-eabi/lib/thumb/v7-m/nofp\libc_nano.a
LOAD C:/ST/STM32CubeIDE_1.13.2/STM32CubeIDE/plugins/com.st.stm32cube.ide.mcu.externaltools.gnu-tools-for-stm32.11.3.rel1.win32_1.1.1.202309131626/tools/bin/../lib/gcc/arm-none-eabi/11.3.1/../../../../arm-none-eabi/lib/thumb/v7-m/nofp\libnosys.a
END GROUP
LOAD C:/ST/STM32CubeIDE_1.13.2/STM32CubeIDE/plugins/com.st.stm32cube.ide.mcu.externaltools.gnu-tools-for-stm32.11.3.rel1.win32_1.1.1.202309131626/tools/bin/../lib/gcc/arm-none-eabi/11.3.1/thumb/v7-m/nofp/crtend.o
LOAD C:/ST/STM32CubeIDE_1.13.2/STM32CubeIDE/plugins/com.st.stm32cube.ide.mcu.externaltools.gnu-tools-for-stm32.11.3.rel1.win32_1.1.1.202309131626/tools/bin/../lib/gcc/arm-none-eabi/11.3.1/thumb/v7-m/nofp/crtn.o
                0x0000000020005000                _estack = (ORIGIN (RAM) + LENGTH (RAM))
                0x0000000000000200                _Min_Heap_Size = 0x200
                0x0000000000000400                _Min_Stack_Size = 0x400

.isr_vector     0x0000000008000000      0x130
                0x0000000008000000                . = ALIGN (0x4)
 *(.isr_vector)
 .isr_vector    0x0000000008000000      0x130 ./Startup/startup_stm32f103c8tx.o
                0x0000000008000000                g_pfnVectors
                0x0000000008000130                . = ALIGN (0x4)

.text           0x0000000008000130     0x345c
                0x0000000008000130                . = ALIGN (0x4)
 *(.text)
 .text          0x0000000008000130       0x40 C:/ST/STM32CubeIDE_1.13.2/STM32CubeIDE/plugins/com.st.stm32cube.ide.mcu.externaltools.gnu-tools-for-stm32.11.3.rel1.win32_1.1.1.202309131626/tools/bin/../lib/gcc/arm-none-eabi/11.3.1/thumb/v7-m/nofp/crtbegin.o
 .text          0x0000000008000170      0x378 C:/ST/STM32CubeIDE_1.13.2/STM32CubeIDE/plugins/com.st.stm32cube.ide.mcu.externaltools.gnu-tools-for-stm32.11.3.rel1.win32_1.1.1.202309131626/tools/bin/../lib/gcc/arm-none-eabi/11.3.1/thumb/v7-m/nofp\libgcc.a(_arm_addsubdf3.o)
                0x0000000008000170                __aeabi_drsub
                0x0000000008000178                __aeabi_dsub
                0x0000000008000178                __subdf3
                0x000000000800017c                __aeabi_dadd
                0x000000000800017c                __adddf3
                0x00000000080003f4                __floatunsidf
                0x00000000080003f4                __aeabi_ui2d
                0x0000000008000414                __floatsidf
                0x0000000008000414                __aeabi_i2d
                0x0000000008000438                __aeabi_f2d
                0x0000000008000438                __extendsfdf2
                0x000000000800047c                __floatundidf
                0x000000000800047c                __aeabi_ul2d
                0x000000000800048c                __floatdidf
                0x000000000800048c                __aeabi_l2d
 .text          0x00000000080004e8      0x424 C:/ST/STM32CubeIDE_1.13.2/STM32CubeIDE/plugins/com.st.stm32cube.ide.mcu.externaltools.gnu-tools-for-stm32.11.3.rel1.win32_1.1.1.202309131626/tools/bin/../lib/gcc/arm-none-eabi/11.3.1/thumb/v7-m/nofp\libgcc.a(_arm_muldivdf3.o)
                0x00000000080004e8                __aeabi_dmul
                0x00000000080004e8                __muldf3
                0x000000000800073c                __divdf3
                0x000000000800073c                __aeabi_ddiv
 .text          0x000000000800090c      0x110 C:/ST/STM32CubeIDE_1.13.2/STM32CubeIDE/plugins/com.st.stm32cube.ide.mcu.externaltools.gnu-tools-for-stm32.11.3.rel1.win32_1.1.1.202309131626/tools/bin/../lib/gcc/arm-none-eabi/11.3.1/thumb/v7-m/nofp\libgcc.a(_arm_cmpdf2.o)
                0x000000000800090c                __gtdf2
                0x000000000800090c                __gedf2
                0x0000000008000914                __ltdf2
                0x0000000008000914                __ledf2
                0x000000000800091c                __nedf2
                0x000000000800091c                __eqdf2
                0x000000000800091c                __cmpdf2
                0x0000000008000998                __aeabi_cdrcmple
                0x00000000080009a8                __aeabi_cdcmpeq
                0x00000000080009a8                __aeabi_cdcmple
                0x00000000080009b8                __aeabi_dcmpeq
                0x00000000080009cc                __aeabi_dcmplt
                0x00000000080009e0                __aeabi_dcmple
                0x00000000080009f4                __aeabi_dcmpge
                0x0000000008000a08                __aeabi_dcmpgt
 .text          0x0000000008000a1c       0x2c C:/ST/STM32CubeIDE_1.13.2/STM32CubeIDE/plugins/com.st.stm32cube.ide.mcu.externaltools.gnu-tools-for-stm32.11.3.rel1.win32_1.1.1.202309131626/tools/bin/../lib/gcc/arm-none-eabi/11.3.1/thumb/v7-m/nofp\libgcc.a(_arm_unorddf2.o)
                0x0000000008000a1c                __unorddf2
                0x0000000008000a1c                __aeabi_dcmpun
 .text          0x0000000008000a48       0xa0 C:/ST/STM32CubeIDE_1.13.2/STM32CubeIDE/plugins/com.st.stm32cube.ide.mcu.externaltools.gnu-tools-for-stm32.11.3.rel1.win32_1.1.1.202309131626/tools/bin/../lib/gcc/arm-none-eabi/11.3.1/thumb/v7-m/nofp\libgcc.a(_arm_truncdfsf2.o)
                0x0000000008000a48                __truncdfsf2
                0x0000000008000a48                __aeabi_d2f
 .text          0x0000000008000ae8      0x21c C:/ST/STM32CubeIDE_1.13.2/STM32CubeIDE/plugins/com.st.stm32cube.ide.mcu.externaltools.gnu-tools-for-stm32.11.3.rel1.win32_1.1.1.202309131626/tools/bin/../lib/gcc/arm-none-eabi/11.3.1/thumb/v7-m/nofp\libgcc.a(_arm_addsubsf3.o)
                0x0000000008000ae8                __aeabi_frsub
                0x0000000008000af0                __subsf3
                0x0000000008000af0                __aeabi_fsub
                0x0000000008000af4                __aeabi_fadd
                0x0000000008000af4                __addsf3
                0x0000000008000c54                __aeabi_ui2f
                0x0000000008000c54                __floatunsisf
                0x0000000008000c5c                __aeabi_i2f
                0x0000000008000c5c                __floatsisf
                0x0000000008000c78                __aeabi_ul2f
                0x0000000008000c78                __floatundisf
                0x0000000008000c88                __aeabi_l2f
                0x0000000008000c88                __floatdisf
 .text          0x0000000008000d04      0x2a0 C:/ST/STM32CubeIDE_1.13.2/STM32CubeIDE/plugins/com.st.stm32cube.ide.mcu.externaltools.gnu-tools-for-stm32.11.3.rel1.win32_1.1.1.202309131626/tools/bin/../lib/gcc/arm-none-eabi/11.3.1/thumb/v7-m/nofp\libgcc.a(_arm_muldivsf3.o)
                0x0000000008000d04                __mulsf3
                0x0000000008000d04                __aeabi_fmul
                0x0000000008000e6c                __aeabi_fdiv
                0x0000000008000e6c                __divsf3
 .text          0x0000000008000fa4       0x40 C:/ST/STM32CubeIDE_1.13.2/STM32CubeIDE/plugins/com.st.stm32cube.ide.mcu.externaltools.gnu-tools-for-stm32.11.3.rel1.win32_1.1.1.202309131626/tools/bin/../lib/gcc/arm-none-eabi/11.3.1/thumb/v7-m/nofp\libgcc.a(_arm_fixunssfsi.o)
                0x0000000008000fa4                __fixunssfsi
                0x0000000008000fa4                __aeabi_f2uiz
 *(.text*)
 .text.AFIO_voidsetEXTIAltFunc
                0x0000000008000fe4      0x288 ./Src/AFIO_program.o
                0x0000000008000fe4                AFIO_voidsetEXTIAltFunc
 .text.DIO_voidSetPinDirection
                0x000000000800126c      0x194 ./Src/DIO_program.o
                0x000000000800126c                DIO_voidSetPinDirection
 .text.DIO_voidSetPinValue
                0x0000000008001400       0xb0 ./Src/DIO_program.o
                0x0000000008001400                DIO_voidSetPinValue
 .text.DIO_u8GetPinValue
                0x00000000080014b0       0x88 ./Src/DIO_program.o
                0x00000000080014b0                DIO_u8GetPinValue
 .text.EXTI_voidEnableInt
                0x0000000008001538       0x2c ./Src/EXTI_program.o
                0x0000000008001538                EXTI_voidEnableInt
 .text.EXTI_voidChangeSenseMode
                0x0000000008001564       0xc8 ./Src/EXTI_program.o
                0x0000000008001564                EXTI_voidChangeSenseMode
 .text.EXTI_voidSetCallBack
                0x000000000800162c       0x2c ./Src/EXTI_program.o
                0x000000000800162c                EXTI_voidSetCallBack
 .text.EXTI0_IRQHandler
                0x0000000008001658       0x2c ./Src/EXTI_program.o
                0x0000000008001658                EXTI0_IRQHandler
 .text.EXTI1_IRQHandler
                0x0000000008001684       0x2c ./Src/EXTI_program.o
                0x0000000008001684                EXTI1_IRQHandler
 .text.EXTI2_IRQHandler
                0x00000000080016b0       0x2c ./Src/EXTI_program.o
                0x00000000080016b0                EXTI2_IRQHandler
 .text.EXTI3_IRQHandler
                0x00000000080016dc       0x2c ./Src/EXTI_program.o
                0x00000000080016dc                EXTI3_IRQHandler
 .text.EXTI9_5_IRQHandler
                0x0000000008001708       0x94 ./Src/EXTI_program.o
                0x0000000008001708                EXTI9_5_IRQHandler
 .text._delay_ms
                0x000000000800179c       0x32 ./Src/GSM_program.o
                0x000000000800179c                _delay_ms
 *fill*         0x00000000080017ce        0x2 
 .text.GSM_voidConnectToNetwork
                0x00000000080017d0      0x120 ./Src/GSM_program.o
                0x00000000080017d0                GSM_voidConnectToNetwork
 .text.GSM_voidSendData
                0x00000000080018f0      0x190 ./Src/GSM_program.o
                0x00000000080018f0                GSM_voidSendData
 .text.reverse  0x0000000008001a80       0x5e ./Src/GSM_program.o
                0x0000000008001a80                reverse
 *fill*         0x0000000008001ade        0x2 
 .text.intToStr
                0x0000000008001ae0       0x90 ./Src/GSM_program.o
                0x0000000008001ae0                intToStr
 .text.ftoa     0x0000000008001b70       0xb0 ./Src/GSM_program.o
                0x0000000008001b70                ftoa
 .text.I2C_voidInit
                0x0000000008001c20       0x58 ./Src/I2C_program.o
                0x0000000008001c20                I2C_voidInit
 .text.I2c_voidSendStartCondition
                0x0000000008001c78       0x2c ./Src/I2C_program.o
                0x0000000008001c78                I2c_voidSendStartCondition
 .text.I2C_voidSendSlaveAddress
                0x0000000008001ca4       0x3c ./Src/I2C_program.o
                0x0000000008001ca4                I2C_voidSendSlaveAddress
 .text.I2C_voidMasterWriteDataByte
                0x0000000008001ce0       0x30 ./Src/I2C_program.o
                0x0000000008001ce0                I2C_voidMasterWriteDataByte
 .text.I2C_voidSendStopCondition
                0x0000000008001d10       0x34 ./Src/I2C_program.o
                0x0000000008001d10                I2C_voidSendStopCondition
 .text.I2C_u8MasterReadDataByte
                0x0000000008001d44       0x24 ./Src/I2C_program.o
                0x0000000008001d44                I2C_u8MasterReadDataByte
 .text.NVIC_voidInit
                0x0000000008001d68       0x1c ./Src/NVIC_program.o
                0x0000000008001d68                NVIC_voidInit
 .text.NVIC_voidEnablePerInt
                0x0000000008001d84       0x44 ./Src/NVIC_program.o
                0x0000000008001d84                NVIC_voidEnablePerInt
 .text.RCC_voidSysClkInt
                0x0000000008001dc8       0xd4 ./Src/RCC_program.o
                0x0000000008001dc8                RCC_voidSysClkInt
 .text.RCC_voidEnablePerClk
                0x0000000008001e9c       0x7c ./Src/RCC_program.o
                0x0000000008001e9c                RCC_voidEnablePerClk
 .text.SHT_SensorInit
                0x0000000008001f18       0x34 ./Src/SHT.o
                0x0000000008001f18                SHT_SensorInit
 *fill*         0x0000000008001f4c        0x4 
 .text.SHT_RecieveTemp
                0x0000000008001f50       0xbc ./Src/SHT.o
                0x0000000008001f50                SHT_RecieveTemp
 .text.SHT_RecieveHumd
                0x000000000800200c       0xb0 ./Src/SHT.o
                0x000000000800200c                SHT_RecieveHumd
 .text.SOIL_voidSensorReadData
                0x00000000080020bc      0x158 ./Src/SoilSensor.o
                0x00000000080020bc                SOIL_voidSensorReadData
 .text.USART3_voidInit
                0x0000000008002214       0x60 ./Src/USART3_program.o
                0x0000000008002214                USART3_voidInit
 .text.USART3_enableTX
                0x0000000008002274       0x1c ./Src/USART3_program.o
                0x0000000008002274                USART3_enableTX
 .text.USART3_enableRX
                0x0000000008002290       0x1c ./Src/USART3_program.o
                0x0000000008002290                USART3_enableRX
 .text.USART3_voidSendByte
                0x00000000080022ac       0x40 ./Src/USART3_program.o
                0x00000000080022ac                USART3_voidSendByte
 .text.USART3_voidSendString
                0x00000000080022ec       0x2c ./Src/USART3_program.o
                0x00000000080022ec                USART3_voidSendString
 .text.USART3_u8ReciveData
                0x0000000008002318       0x44 ./Src/USART3_program.o
                0x0000000008002318                USART3_u8ReciveData
 .text.USART_voidInit
                0x000000000800235c       0x70 ./Src/USART_program.o
                0x000000000800235c                USART_voidInit
 .text.USART_enableTX
                0x00000000080023cc       0x1c ./Src/USART_program.o
                0x00000000080023cc                USART_enableTX
 .text.USART_enableRX
                0x00000000080023e8       0x1c ./Src/USART_program.o
                0x00000000080023e8                USART_enableRX
 .text.USART_voidSendByte
                0x0000000008002404       0x40 ./Src/USART_program.o
                0x0000000008002404                USART_voidSendByte
 .text.USART_u8ReciveData
                0x0000000008002444       0x30 ./Src/USART_program.o
                0x0000000008002444                USART_u8ReciveData
 .text.main     0x0000000008002474      0x1e8 ./Src/main.o
                0x0000000008002474                main
 .text.DoorStatusUpdate
                0x000000000800265c       0x5c ./Src/main.o
                0x000000000800265c                DoorStatusUpdate
 .text.Reset_Handler
                0x00000000080026b8       0x50 ./Startup/startup_stm32f103c8tx.o
                0x00000000080026b8                Reset_Handler
 .text.Default_Handler
                0x0000000008002708        0x2 ./Startup/startup_stm32f103c8tx.o
                0x0000000008002708                TIM8_TRG_COM_IRQHandler
                0x0000000008002708                TIM8_CC_IRQHandler
                0x0000000008002708                DebugMon_Handler
                0x0000000008002708                TIM1_CC_IRQHandler
                0x0000000008002708                HardFault_Handler
                0x0000000008002708                TIM6_IRQHandler
                0x0000000008002708                SysTick_Handler
                0x0000000008002708                PVD_IRQHandler
                0x0000000008002708                SDIO_IRQHandler
                0x0000000008002708                PendSV_Handler
                0x0000000008002708                NMI_Handler
                0x0000000008002708                USB_HP_CAN_TX_IRQHandler
                0x0000000008002708                I2C2_EV_IRQHandler
                0x0000000008002708                UsageFault_Handler
                0x0000000008002708                ADC1_2_IRQHandler
                0x0000000008002708                SPI1_IRQHandler
                0x0000000008002708                CAN_SCE_IRQHandler
                0x0000000008002708                TAMPER_IRQHandler
                0x0000000008002708                TIM8_UP_IRQHandler
                0x0000000008002708                DMA2_Channel2_IRQHandler
                0x0000000008002708                DMA1_Channel4_IRQHandler
                0x0000000008002708                USART3_IRQHandler
                0x0000000008002708                RTC_IRQHandler
                0x0000000008002708                DMA1_Channel7_IRQHandler
                0x0000000008002708                UART5_IRQHandler
                0x0000000008002708                ADC3_IRQHandler
                0x0000000008002708                TIM4_IRQHandler
                0x0000000008002708                CAN_RX1_IRQHandler
                0x0000000008002708                DMA2_Channel1_IRQHandler
                0x0000000008002708                I2C1_EV_IRQHandler
                0x0000000008002708                DMA1_Channel6_IRQHandler
                0x0000000008002708                UART4_IRQHandler
                0x0000000008002708                TIM3_IRQHandler
                0x0000000008002708                RCC_IRQHandler
                0x0000000008002708                TIM1_TRG_COM_IRQHandler
                0x0000000008002708                DMA1_Channel1_IRQHandler
                0x0000000008002708                Default_Handler
                0x0000000008002708                EXTI15_10_IRQHandler
                0x0000000008002708                TIM7_IRQHandler
                0x0000000008002708                TIM5_IRQHandler
                0x0000000008002708                SPI2_IRQHandler
                0x0000000008002708                USB_LP_CAN_RX0_IRQHandler
                0x0000000008002708                MemManage_Handler
                0x0000000008002708                SVC_Handler
                0x0000000008002708                DMA1_Channel5_IRQHandler
                0x0000000008002708                EXTI4_IRQHandler
                0x0000000008002708                DMA1_Channel3_IRQHandler
                0x0000000008002708                FSMC_IRQHandler
                0x0000000008002708                TIM1_UP_IRQHandler
                0x0000000008002708                WWDG_IRQHandler
                0x0000000008002708                TIM2_IRQHandler
                0x0000000008002708                TIM1_BRK_IRQHandler
                0x0000000008002708                RTCAlarm_IRQHandler
                0x0000000008002708                DMA2_Channel4_5_IRQHandler
                0x0000000008002708                USART2_IRQHandler
                0x0000000008002708                I2C2_ER_IRQHandler
                0x0000000008002708                DMA1_Channel2_IRQHandler
                0x0000000008002708                TIM8_BRK_IRQHandler
                0x0000000008002708                FLASH_IRQHandler
                0x0000000008002708                BusFault_Handler
                0x0000000008002708                USART1_IRQHandler
                0x0000000008002708                SPI3_IRQHandler
                0x0000000008002708                I2C1_ER_IRQHandler
                0x0000000008002708                DMA2_Channel3_IRQHandler
 *fill*         0x000000000800270a        0x2 
 .text.__errno  0x000000000800270c        0xc C:/ST/STM32CubeIDE_1.13.2/STM32CubeIDE/plugins/com.st.stm32cube.ide.mcu.externaltools.gnu-tools-for-stm32.11.3.rel1.win32_1.1.1.202309131626/tools/bin/../lib/gcc/arm-none-eabi/11.3.1/../../../../arm-none-eabi/lib/thumb/v7-m/nofp\libc_nano.a(libc_a-errno.o)
                0x000000000800270c                __errno
 .text.__libc_init_array
                0x0000000008002718       0x48 C:/ST/STM32CubeIDE_1.13.2/STM32CubeIDE/plugins/com.st.stm32cube.ide.mcu.externaltools.gnu-tools-for-stm32.11.3.rel1.win32_1.1.1.202309131626/tools/bin/../lib/gcc/arm-none-eabi/11.3.1/../../../../arm-none-eabi/lib/thumb/v7-m/nofp\libc_nano.a(libc_a-init.o)
                0x0000000008002718                __libc_init_array
 .text.pow      0x0000000008002760       0xd0 C:/ST/STM32CubeIDE_1.13.2/STM32CubeIDE/plugins/com.st.stm32cube.ide.mcu.externaltools.gnu-tools-for-stm32.11.3.rel1.win32_1.1.1.202309131626/tools/bin/../lib/gcc/arm-none-eabi/11.3.1/../../../../arm-none-eabi/lib/thumb/v7-m/nofp\libm.a(libm_a-w_pow.o)
                0x0000000008002760                pow
 .text.finite   0x0000000008002830        0xc C:/ST/STM32CubeIDE_1.13.2/STM32CubeIDE/plugins/com.st.stm32cube.ide.mcu.externaltools.gnu-tools-for-stm32.11.3.rel1.win32_1.1.1.202309131626/tools/bin/../lib/gcc/arm-none-eabi/11.3.1/../../../../arm-none-eabi/lib/thumb/v7-m/nofp\libm.a(libm_a-s_finite.o)
                0x0000000008002830                finite
 *fill*         0x000000000800283c        0x4 
 .text.__ieee754_pow
                0x0000000008002840      0xa2c C:/ST/STM32CubeIDE_1.13.2/STM32CubeIDE/plugins/com.st.stm32cube.ide.mcu.externaltools.gnu-tools-for-stm32.11.3.rel1.win32_1.1.1.202309131626/tools/bin/../lib/gcc/arm-none-eabi/11.3.1/../../../../arm-none-eabi/lib/thumb/v7-m/nofp\libm.a(libm_a-e_pow.o)
                0x0000000008002840                __ieee754_pow
 .text.fabs     0x000000000800326c        0x8 C:/ST/STM32CubeIDE_1.13.2/STM32CubeIDE/plugins/com.st.stm32cube.ide.mcu.externaltools.gnu-tools-for-stm32.11.3.rel1.win32_1.1.1.202309131626/tools/bin/../lib/gcc/arm-none-eabi/11.3.1/../../../../arm-none-eabi/lib/thumb/v7-m/nofp\libm.a(libm_a-s_fabs.o)
                0x000000000800326c                fabs
 *fill*         0x0000000008003274        0x4 
 .text.scalbn   0x0000000008003278       0xf4 C:/ST/STM32CubeIDE_1.13.2/STM32CubeIDE/plugins/com.st.stm32cube.ide.mcu.externaltools.gnu-tools-for-stm32.11.3.rel1.win32_1.1.1.202309131626/tools/bin/../lib/gcc/arm-none-eabi/11.3.1/../../../../arm-none-eabi/lib/thumb/v7-m/nofp\libm.a(libm_a-s_scalbn.o)
                0x0000000008003278                scalbn
 .text.with_errno
                0x000000000800336c       0x14 C:/ST/STM32CubeIDE_1.13.2/STM32CubeIDE/plugins/com.st.stm32cube.ide.mcu.externaltools.gnu-tools-for-stm32.11.3.rel1.win32_1.1.1.202309131626/tools/bin/../lib/gcc/arm-none-eabi/11.3.1/../../../../arm-none-eabi/lib/thumb/v7-m/nofp\libm.a(libm_a-math_err.o)
 .text.xflow    0x0000000008003380       0x30 C:/ST/STM32CubeIDE_1.13.2/STM32CubeIDE/plugins/com.st.stm32cube.ide.mcu.externaltools.gnu-tools-for-stm32.11.3.rel1.win32_1.1.1.202309131626/tools/bin/../lib/gcc/arm-none-eabi/11.3.1/../../../../arm-none-eabi/lib/thumb/v7-m/nofp\libm.a(libm_a-math_err.o)
 .text.__math_uflow
                0x00000000080033b0        0xa C:/ST/STM32CubeIDE_1.13.2/STM32CubeIDE/plugins/com.st.stm32cube.ide.mcu.externaltools.gnu-tools-for-stm32.11.3.rel1.win32_1.1.1.202309131626/tools/bin/../lib/gcc/arm-none-eabi/11.3.1/../../../../arm-none-eabi/lib/thumb/v7-m/nofp\libm.a(libm_a-math_err.o)
                0x00000000080033b0                __math_uflow
 .text.__math_oflow
                0x00000000080033ba        0xa C:/ST/STM32CubeIDE_1.13.2/STM32CubeIDE/plugins/com.st.stm32cube.ide.mcu.externaltools.gnu-tools-for-stm32.11.3.rel1.win32_1.1.1.202309131626/tools/bin/../lib/gcc/arm-none-eabi/11.3.1/../../../../arm-none-eabi/lib/thumb/v7-m/nofp\libm.a(libm_a-math_err.o)
                0x00000000080033ba                __math_oflow
 .text.__ieee754_sqrt
                0x00000000080033c4      0x1b0 C:/ST/STM32CubeIDE_1.13.2/STM32CubeIDE/plugins/com.st.stm32cube.ide.mcu.externaltools.gnu-tools-for-stm32.11.3.rel1.win32_1.1.1.202309131626/tools/bin/../lib/gcc/arm-none-eabi/11.3.1/../../../../arm-none-eabi/lib/thumb/v7-m/nofp\libm.a(libm_a-e_sqrt.o)
                0x00000000080033c4                __ieee754_sqrt
 *(.glue_7)
 .glue_7        0x0000000008003574        0x0 linker stubs
 *(.glue_7t)
 .glue_7t       0x0000000008003574        0x0 linker stubs
 *(.eh_frame)
 .eh_frame      0x0000000008003574        0x0 C:/ST/STM32CubeIDE_1.13.2/STM32CubeIDE/plugins/com.st.stm32cube.ide.mcu.externaltools.gnu-tools-for-stm32.11.3.rel1.win32_1.1.1.202309131626/tools/bin/../lib/gcc/arm-none-eabi/11.3.1/thumb/v7-m/nofp/crtbegin.o
 *(.init)
 .init          0x0000000008003574        0x4 C:/ST/STM32CubeIDE_1.13.2/STM32CubeIDE/plugins/com.st.stm32cube.ide.mcu.externaltools.gnu-tools-for-stm32.11.3.rel1.win32_1.1.1.202309131626/tools/bin/../lib/gcc/arm-none-eabi/11.3.1/thumb/v7-m/nofp/crti.o
                0x0000000008003574                _init
 .init          0x0000000008003578        0x8 C:/ST/STM32CubeIDE_1.13.2/STM32CubeIDE/plugins/com.st.stm32cube.ide.mcu.externaltools.gnu-tools-for-stm32.11.3.rel1.win32_1.1.1.202309131626/tools/bin/../lib/gcc/arm-none-eabi/11.3.1/thumb/v7-m/nofp/crtn.o
 *(.fini)
 .fini          0x0000000008003580        0x4 C:/ST/STM32CubeIDE_1.13.2/STM32CubeIDE/plugins/com.st.stm32cube.ide.mcu.externaltools.gnu-tools-for-stm32.11.3.rel1.win32_1.1.1.202309131626/tools/bin/../lib/gcc/arm-none-eabi/11.3.1/thumb/v7-m/nofp/crti.o
                0x0000000008003580                _fini
 .fini          0x0000000008003584        0x8 C:/ST/STM32CubeIDE_1.13.2/STM32CubeIDE/plugins/com.st.stm32cube.ide.mcu.externaltools.gnu-tools-for-stm32.11.3.rel1.win32_1.1.1.202309131626/tools/bin/../lib/gcc/arm-none-eabi/11.3.1/thumb/v7-m/nofp/crtn.o
                0x000000000800358c                . = ALIGN (0x4)
                0x000000000800358c                _etext = .

.vfp11_veneer   0x000000000800358c        0x0
 .vfp11_veneer  0x000000000800358c        0x0 linker stubs

.v4_bx          0x000000000800358c        0x0
 .v4_bx         0x000000000800358c        0x0 linker stubs

.iplt           0x000000000800358c        0x0
 .iplt          0x000000000800358c        0x0 C:/ST/STM32CubeIDE_1.13.2/STM32CubeIDE/plugins/com.st.stm32cube.ide.mcu.externaltools.gnu-tools-for-stm32.11.3.rel1.win32_1.1.1.202309131626/tools/bin/../lib/gcc/arm-none-eabi/11.3.1/thumb/v7-m/nofp/crtbegin.o

.rodata         0x0000000008003590      0x268
                0x0000000008003590                . = ALIGN (0x4)
 *(.rodata)
 .rodata        0x0000000008003590      0x235 ./Src/GSM_program.o
 *(.rodata*)
 *fill*         0x00000000080037c5        0x3 
 .rodata.bp     0x00000000080037c8       0x10 C:/ST/STM32CubeIDE_1.13.2/STM32CubeIDE/plugins/com.st.stm32cube.ide.mcu.externaltools.gnu-tools-for-stm32.11.3.rel1.win32_1.1.1.202309131626/tools/bin/../lib/gcc/arm-none-eabi/11.3.1/../../../../arm-none-eabi/lib/thumb/v7-m/nofp\libm.a(libm_a-e_pow.o)
 .rodata.dp_h   0x00000000080037d8       0x10 C:/ST/STM32CubeIDE_1.13.2/STM32CubeIDE/plugins/com.st.stm32cube.ide.mcu.externaltools.gnu-tools-for-stm32.11.3.rel1.win32_1.1.1.202309131626/tools/bin/../lib/gcc/arm-none-eabi/11.3.1/../../../../arm-none-eabi/lib/thumb/v7-m/nofp\libm.a(libm_a-e_pow.o)
 .rodata.dp_l   0x00000000080037e8       0x10 C:/ST/STM32CubeIDE_1.13.2/STM32CubeIDE/plugins/com.st.stm32cube.ide.mcu.externaltools.gnu-tools-for-stm32.11.3.rel1.win32_1.1.1.202309131626/tools/bin/../lib/gcc/arm-none-eabi/11.3.1/../../../../arm-none-eabi/lib/thumb/v7-m/nofp\libm.a(libm_a-e_pow.o)
                0x00000000080037f8                . = ALIGN (0x4)

.rel.dyn        0x00000000080037f8        0x0
 .rel.iplt      0x00000000080037f8        0x0 C:/ST/STM32CubeIDE_1.13.2/STM32CubeIDE/plugins/com.st.stm32cube.ide.mcu.externaltools.gnu-tools-for-stm32.11.3.rel1.win32_1.1.1.202309131626/tools/bin/../lib/gcc/arm-none-eabi/11.3.1/thumb/v7-m/nofp/crtbegin.o

.ARM.extab      0x00000000080037f8        0x0
                0x00000000080037f8                . = ALIGN (0x4)
 *(.ARM.extab* .gnu.linkonce.armextab.*)
                0x00000000080037f8                . = ALIGN (0x4)

.ARM            0x00000000080037f8        0x0
                0x00000000080037f8                . = ALIGN (0x4)
                0x00000000080037f8                __exidx_start = .
 *(.ARM.exidx*)
                0x00000000080037f8                __exidx_end = .
                0x00000000080037f8                . = ALIGN (0x4)

.preinit_array  0x00000000080037f8        0x0
                0x00000000080037f8                . = ALIGN (0x4)
                0x00000000080037f8                PROVIDE (__preinit_array_start = .)
 *(.preinit_array*)
                0x00000000080037f8                PROVIDE (__preinit_array_end = .)
                0x00000000080037f8                . = ALIGN (0x4)

.init_array     0x00000000080037f8        0x4
                0x00000000080037f8                . = ALIGN (0x4)
                0x00000000080037f8                PROVIDE (__init_array_start = .)
 *(SORT_BY_NAME(.init_array.*))
 *(.init_array*)
 .init_array    0x00000000080037f8        0x4 C:/ST/STM32CubeIDE_1.13.2/STM32CubeIDE/plugins/com.st.stm32cube.ide.mcu.externaltools.gnu-tools-for-stm32.11.3.rel1.win32_1.1.1.202309131626/tools/bin/../lib/gcc/arm-none-eabi/11.3.1/thumb/v7-m/nofp/crtbegin.o
                0x00000000080037fc                PROVIDE (__init_array_end = .)
                0x00000000080037fc                . = ALIGN (0x4)

.fini_array     0x00000000080037fc        0x4
                0x00000000080037fc                . = ALIGN (0x4)
                [!provide]                        PROVIDE (__fini_array_start = .)
 *(SORT_BY_NAME(.fini_array.*))
 *(.fini_array*)
 .fini_array    0x00000000080037fc        0x4 C:/ST/STM32CubeIDE_1.13.2/STM32CubeIDE/plugins/com.st.stm32cube.ide.mcu.externaltools.gnu-tools-for-stm32.11.3.rel1.win32_1.1.1.202309131626/tools/bin/../lib/gcc/arm-none-eabi/11.3.1/thumb/v7-m/nofp/crtbegin.o
                [!provide]                        PROVIDE (__fini_array_end = .)
                0x0000000008003800                . = ALIGN (0x4)
                0x0000000008003800                _sidata = LOADADDR (.data)

.data           0x0000000020000000       0x70 load address 0x0000000008003800
                0x0000000020000000                . = ALIGN (0x4)
                0x0000000020000000                _sdata = .
 *(.data)
 *(.data*)
 .data.soilarr  0x0000000020000000        0x8 ./Src/SoilSensor.o
                0x0000000020000000                soilarr
 .data.DoorStatus
                0x0000000020000008        0x6 ./Src/main.o
                0x0000000020000008                DoorStatus
 *fill*         0x000000002000000e        0x2 
 .data._impure_data
                0x0000000020000010       0x4c C:/ST/STM32CubeIDE_1.13.2/STM32CubeIDE/plugins/com.st.stm32cube.ide.mcu.externaltools.gnu-tools-for-stm32.11.3.rel1.win32_1.1.1.202309131626/tools/bin/../lib/gcc/arm-none-eabi/11.3.1/../../../../arm-none-eabi/lib/thumb/v7-m/nofp\libc_nano.a(libc_a-impure.o)
                0x0000000020000010                _impure_data
 .data._impure_ptr
                0x000000002000005c        0x4 C:/ST/STM32CubeIDE_1.13.2/STM32CubeIDE/plugins/com.st.stm32cube.ide.mcu.externaltools.gnu-tools-for-stm32.11.3.rel1.win32_1.1.1.202309131626/tools/bin/../lib/gcc/arm-none-eabi/11.3.1/../../../../arm-none-eabi/lib/thumb/v7-m/nofp\libc_nano.a(libc_a-impure.o)
                0x000000002000005c                _impure_ptr
 .data.one      0x0000000020000060        0x8 C:/ST/STM32CubeIDE_1.13.2/STM32CubeIDE/plugins/com.st.stm32cube.ide.mcu.externaltools.gnu-tools-for-stm32.11.3.rel1.win32_1.1.1.202309131626/tools/bin/../lib/gcc/arm-none-eabi/11.3.1/../../../../arm-none-eabi/lib/thumb/v7-m/nofp\libm.a(libm_a-e_sqrt.o)
 .data.tiny     0x0000000020000068        0x8 C:/ST/STM32CubeIDE_1.13.2/STM32CubeIDE/plugins/com.st.stm32cube.ide.mcu.externaltools.gnu-tools-for-stm32.11.3.rel1.win32_1.1.1.202309131626/tools/bin/../lib/gcc/arm-none-eabi/11.3.1/../../../../arm-none-eabi/lib/thumb/v7-m/nofp\libm.a(libm_a-e_sqrt.o)
 *(.RamFunc)
 *(.RamFunc*)
                0x0000000020000070                . = ALIGN (0x4)
                0x0000000020000070                _edata = .

.igot.plt       0x0000000020000070        0x0 load address 0x0000000008003870
 .igot.plt      0x0000000020000070        0x0 C:/ST/STM32CubeIDE_1.13.2/STM32CubeIDE/plugins/com.st.stm32cube.ide.mcu.externaltools.gnu-tools-for-stm32.11.3.rel1.win32_1.1.1.202309131626/tools/bin/../lib/gcc/arm-none-eabi/11.3.1/thumb/v7-m/nofp/crtbegin.o
                0x0000000020000070                . = ALIGN (0x4)

.bss            0x0000000020000070      0x1e0 load address 0x0000000008003870
                0x0000000020000070                _sbss = .
                0x0000000020000070                __bss_start__ = _sbss
 *(.bss)
 .bss           0x0000000020000070       0x1c C:/ST/STM32CubeIDE_1.13.2/STM32CubeIDE/plugins/com.st.stm32cube.ide.mcu.externaltools.gnu-tools-for-stm32.11.3.rel1.win32_1.1.1.202309131626/tools/bin/../lib/gcc/arm-none-eabi/11.3.1/thumb/v7-m/nofp/crtbegin.o
 *(.bss*)
 .bss.EXTI_CallBack
                0x000000002000008c       0x28 ./Src/EXTI_program.o
                0x000000002000008c                EXTI_CallBack
 .bss.ftoa_Result
                0x00000000200000b4       0x14 ./Src/GSM_program.o
                0x00000000200000b4                ftoa_Result
 .bss.soilrecive
                0x00000000200000c8       0x13 ./Src/SoilSensor.o
                0x00000000200000c8                soilrecive
 *fill*         0x00000000200000db        0x1 
 .bss.soilHumidity
                0x00000000200000dc        0x4 ./Src/SoilSensor.o
                0x00000000200000dc                soilHumidity
 .bss.soilTemperature
                0x00000000200000e0        0x4 ./Src/SoilSensor.o
                0x00000000200000e0                soilTemperature
 .bss.soilConductivity
                0x00000000200000e4        0x2 ./Src/SoilSensor.o
                0x00000000200000e4                soilConductivity
 *fill*         0x00000000200000e6        0x2 
 .bss.soilPH    0x00000000200000e8        0x4 ./Src/SoilSensor.o
                0x00000000200000e8                soilPH
 .bss.soilnitrogen
                0x00000000200000ec        0x2 ./Src/SoilSensor.o
                0x00000000200000ec                soilnitrogen
 .bss.soilphosphorus
                0x00000000200000ee        0x2 ./Src/SoilSensor.o
                0x00000000200000ee                soilphosphorus
 .bss.soilpotassium
                0x00000000200000f0        0x2 ./Src/SoilSensor.o
                0x00000000200000f0                soilpotassium
 *fill*         0x00000000200000f2        0x2 
 .bss.GSMSTATUS
                0x00000000200000f4       0x19 ./Src/main.o
                0x00000000200000f4                GSMSTATUS
 .bss.GSMTimeOut
                0x000000002000010d        0x1 ./Src/main.o
                0x000000002000010d                GSMTimeOut
 *fill*         0x000000002000010e        0x2 
 .bss.SensorTempRead
                0x0000000020000110        0x4 ./Src/main.o
                0x0000000020000110                SensorTempRead
 .bss.SensorHumdRead
                0x0000000020000114        0x4 ./Src/main.o
                0x0000000020000114                SensorHumdRead
 .bss.__sf      0x0000000020000118      0x138 C:/ST/STM32CubeIDE_1.13.2/STM32CubeIDE/plugins/com.st.stm32cube.ide.mcu.externaltools.gnu-tools-for-stm32.11.3.rel1.win32_1.1.1.202309131626/tools/bin/../lib/gcc/arm-none-eabi/11.3.1/../../../../arm-none-eabi/lib/thumb/v7-m/nofp\libc_nano.a(libc_a-findfp.o)
                0x0000000020000118                __sf
 *(COMMON)
                0x0000000020000250                . = ALIGN (0x4)
                0x0000000020000250                _ebss = .
                0x0000000020000250                __bss_end__ = _ebss

._user_heap_stack
                0x0000000020000250      0x600 load address 0x0000000008003870
                0x0000000020000250                . = ALIGN (0x8)
                [!provide]                        PROVIDE (end = .)
                0x0000000020000250                PROVIDE (_end = .)
                0x0000000020000450                . = (. + _Min_Heap_Size)
 *fill*         0x0000000020000250      0x200 
                0x0000000020000850                . = (. + _Min_Stack_Size)
 *fill*         0x0000000020000450      0x400 
                0x0000000020000850                . = ALIGN (0x8)

/DISCARD/
 libc.a(*)
 libm.a(*)
 libgcc.a(*)

.ARM.attributes
                0x0000000000000000       0x29
 *(.ARM.attributes)
 .ARM.attributes
                0x0000000000000000       0x1d C:/ST/STM32CubeIDE_1.13.2/STM32CubeIDE/plugins/com.st.stm32cube.ide.mcu.externaltools.gnu-tools-for-stm32.11.3.rel1.win32_1.1.1.202309131626/tools/bin/../lib/gcc/arm-none-eabi/11.3.1/thumb/v7-m/nofp/crti.o
 .ARM.attributes
                0x000000000000001d       0x2d C:/ST/STM32CubeIDE_1.13.2/STM32CubeIDE/plugins/com.st.stm32cube.ide.mcu.externaltools.gnu-tools-for-stm32.11.3.rel1.win32_1.1.1.202309131626/tools/bin/../lib/gcc/arm-none-eabi/11.3.1/thumb/v7-m/nofp/crtbegin.o
 .ARM.attributes
                0x000000000000004a       0x2d ./Src/AFIO_program.o
 .ARM.attributes
                0x0000000000000077       0x2d ./Src/DIO_program.o
 .ARM.attributes
                0x00000000000000a4       0x2d ./Src/EXTI_program.o
 .ARM.attributes
                0x00000000000000d1       0x2d ./Src/GSM_program.o
 .ARM.attributes
                0x00000000000000fe       0x2d ./Src/I2C_program.o
 .ARM.attributes
                0x000000000000012b       0x2d ./Src/NVIC_program.o
 .ARM.attributes
                0x0000000000000158       0x2d ./Src/RCC_program.o
 .ARM.attributes
                0x0000000000000185       0x2d ./Src/SHT.o
 .ARM.attributes
                0x00000000000001b2       0x2d ./Src/SoilSensor.o
 .ARM.attributes
                0x00000000000001df       0x2d ./Src/USART3_program.o
 .ARM.attributes
                0x000000000000020c       0x2d ./Src/USART_program.o
 .ARM.attributes
                0x0000000000000239       0x2d ./Src/main.o
 .ARM.attributes
                0x0000000000000266       0x21 ./Startup/startup_stm32f103c8tx.o
 .ARM.attributes
                0x0000000000000287       0x2d C:/ST/STM32CubeIDE_1.13.2/STM32CubeIDE/plugins/com.st.stm32cube.ide.mcu.externaltools.gnu-tools-for-stm32.11.3.rel1.win32_1.1.1.202309131626/tools/bin/../lib/gcc/arm-none-eabi/11.3.1/../../../../arm-none-eabi/lib/thumb/v7-m/nofp\libc_nano.a(libc_a-findfp.o)
 .ARM.attributes
                0x00000000000002b4       0x2d C:/ST/STM32CubeIDE_1.13.2/STM32CubeIDE/plugins/com.st.stm32cube.ide.mcu.externaltools.gnu-tools-for-stm32.11.3.rel1.win32_1.1.1.202309131626/tools/bin/../lib/gcc/arm-none-eabi/11.3.1/../../../../arm-none-eabi/lib/thumb/v7-m/nofp\libc_nano.a(libc_a-impure.o)
 .ARM.attributes
                0x00000000000002e1       0x2d C:/ST/STM32CubeIDE_1.13.2/STM32CubeIDE/plugins/com.st.stm32cube.ide.mcu.externaltools.gnu-tools-for-stm32.11.3.rel1.win32_1.1.1.202309131626/tools/bin/../lib/gcc/arm-none-eabi/11.3.1/../../../../arm-none-eabi/lib/thumb/v7-m/nofp\libc_nano.a(libc_a-errno.o)
 .ARM.attributes
                0x000000000000030e       0x2d C:/ST/STM32CubeIDE_1.13.2/STM32CubeIDE/plugins/com.st.stm32cube.ide.mcu.externaltools.gnu-tools-for-stm32.11.3.rel1.win32_1.1.1.202309131626/tools/bin/../lib/gcc/arm-none-eabi/11.3.1/../../../../arm-none-eabi/lib/thumb/v7-m/nofp\libc_nano.a(libc_a-init.o)
 .ARM.attributes
                0x000000000000033b       0x2d C:/ST/STM32CubeIDE_1.13.2/STM32CubeIDE/plugins/com.st.stm32cube.ide.mcu.externaltools.gnu-tools-for-stm32.11.3.rel1.win32_1.1.1.202309131626/tools/bin/../lib/gcc/arm-none-eabi/11.3.1/../../../../arm-none-eabi/lib/thumb/v7-m/nofp\libm.a(libm_a-w_pow.o)
 .ARM.attributes
                0x0000000000000368       0x2d C:/ST/STM32CubeIDE_1.13.2/STM32CubeIDE/plugins/com.st.stm32cube.ide.mcu.externaltools.gnu-tools-for-stm32.11.3.rel1.win32_1.1.1.202309131626/tools/bin/../lib/gcc/arm-none-eabi/11.3.1/../../../../arm-none-eabi/lib/thumb/v7-m/nofp\libm.a(libm_a-s_finite.o)
 .ARM.attributes
                0x0000000000000395       0x2d C:/ST/STM32CubeIDE_1.13.2/STM32CubeIDE/plugins/com.st.stm32cube.ide.mcu.externaltools.gnu-tools-for-stm32.11.3.rel1.win32_1.1.1.202309131626/tools/bin/../lib/gcc/arm-none-eabi/11.3.1/../../../../arm-none-eabi/lib/thumb/v7-m/nofp\libm.a(libm_a-e_pow.o)
 .ARM.attributes
                0x00000000000003c2       0x2d C:/ST/STM32CubeIDE_1.13.2/STM32CubeIDE/plugins/com.st.stm32cube.ide.mcu.externaltools.gnu-tools-for-stm32.11.3.rel1.win32_1.1.1.202309131626/tools/bin/../lib/gcc/arm-none-eabi/11.3.1/../../../../arm-none-eabi/lib/thumb/v7-m/nofp\libm.a(libm_a-s_fabs.o)
 .ARM.attributes
                0x00000000000003ef       0x2d C:/ST/STM32CubeIDE_1.13.2/STM32CubeIDE/plugins/com.st.stm32cube.ide.mcu.externaltools.gnu-tools-for-stm32.11.3.rel1.win32_1.1.1.202309131626/tools/bin/../lib/gcc/arm-none-eabi/11.3.1/../../../../arm-none-eabi/lib/thumb/v7-m/nofp\libm.a(libm_a-s_scalbn.o)
 .ARM.attributes
                0x000000000000041c       0x2d C:/ST/STM32CubeIDE_1.13.2/STM32CubeIDE/plugins/com.st.stm32cube.ide.mcu.externaltools.gnu-tools-for-stm32.11.3.rel1.win32_1.1.1.202309131626/tools/bin/../lib/gcc/arm-none-eabi/11.3.1/../../../../arm-none-eabi/lib/thumb/v7-m/nofp\libm.a(libm_a-math_err.o)
 .ARM.attributes
                0x0000000000000449       0x2d C:/ST/STM32CubeIDE_1.13.2/STM32CubeIDE/plugins/com.st.stm32cube.ide.mcu.externaltools.gnu-tools-for-stm32.11.3.rel1.win32_1.1.1.202309131626/tools/bin/../lib/gcc/arm-none-eabi/11.3.1/../../../../arm-none-eabi/lib/thumb/v7-m/nofp\libm.a(libm_a-e_sqrt.o)
 .ARM.attributes
                0x0000000000000476       0x1d C:/ST/STM32CubeIDE_1.13.2/STM32CubeIDE/plugins/com.st.stm32cube.ide.mcu.externaltools.gnu-tools-for-stm32.11.3.rel1.win32_1.1.1.202309131626/tools/bin/../lib/gcc/arm-none-eabi/11.3.1/thumb/v7-m/nofp\libgcc.a(_arm_addsubdf3.o)
 .ARM.attributes
                0x0000000000000493       0x1d C:/ST/STM32CubeIDE_1.13.2/STM32CubeIDE/plugins/com.st.stm32cube.ide.mcu.externaltools.gnu-tools-for-stm32.11.3.rel1.win32_1.1.1.202309131626/tools/bin/../lib/gcc/arm-none-eabi/11.3.1/thumb/v7-m/nofp\libgcc.a(_arm_muldivdf3.o)
 .ARM.attributes
                0x00000000000004b0       0x1d C:/ST/STM32CubeIDE_1.13.2/STM32CubeIDE/plugins/com.st.stm32cube.ide.mcu.externaltools.gnu-tools-for-stm32.11.3.rel1.win32_1.1.1.202309131626/tools/bin/../lib/gcc/arm-none-eabi/11.3.1/thumb/v7-m/nofp\libgcc.a(_arm_cmpdf2.o)
 .ARM.attributes
                0x00000000000004cd       0x1d C:/ST/STM32CubeIDE_1.13.2/STM32CubeIDE/plugins/com.st.stm32cube.ide.mcu.externaltools.gnu-tools-for-stm32.11.3.rel1.win32_1.1.1.202309131626/tools/bin/../lib/gcc/arm-none-eabi/11.3.1/thumb/v7-m/nofp\libgcc.a(_arm_unorddf2.o)
 .ARM.attributes
                0x00000000000004ea       0x1d C:/ST/STM32CubeIDE_1.13.2/STM32CubeIDE/plugins/com.st.stm32cube.ide.mcu.externaltools.gnu-tools-for-stm32.11.3.rel1.win32_1.1.1.202309131626/tools/bin/../lib/gcc/arm-none-eabi/11.3.1/thumb/v7-m/nofp\libgcc.a(_arm_truncdfsf2.o)
 .ARM.attributes
                0x0000000000000507       0x1d C:/ST/STM32CubeIDE_1.13.2/STM32CubeIDE/plugins/com.st.stm32cube.ide.mcu.externaltools.gnu-tools-for-stm32.11.3.rel1.win32_1.1.1.202309131626/tools/bin/../lib/gcc/arm-none-eabi/11.3.1/thumb/v7-m/nofp\libgcc.a(_arm_addsubsf3.o)
 .ARM.attributes
                0x0000000000000524       0x1d C:/ST/STM32CubeIDE_1.13.2/STM32CubeIDE/plugins/com.st.stm32cube.ide.mcu.externaltools.gnu-tools-for-stm32.11.3.rel1.win32_1.1.1.202309131626/tools/bin/../lib/gcc/arm-none-eabi/11.3.1/thumb/v7-m/nofp\libgcc.a(_arm_muldivsf3.o)
 .ARM.attributes
                0x0000000000000541       0x1d C:/ST/STM32CubeIDE_1.13.2/STM32CubeIDE/plugins/com.st.stm32cube.ide.mcu.externaltools.gnu-tools-for-stm32.11.3.rel1.win32_1.1.1.202309131626/tools/bin/../lib/gcc/arm-none-eabi/11.3.1/thumb/v7-m/nofp\libgcc.a(_arm_fixunssfsi.o)
 .ARM.attributes
                0x000000000000055e       0x1d C:/ST/STM32CubeIDE_1.13.2/STM32CubeIDE/plugins/com.st.stm32cube.ide.mcu.externaltools.gnu-tools-for-stm32.11.3.rel1.win32_1.1.1.202309131626/tools/bin/../lib/gcc/arm-none-eabi/11.3.1/thumb/v7-m/nofp/crtn.o
OUTPUT(Weather_Station.elf elf32-littlearm)
LOAD linker stubs
LOAD C:/ST/STM32CubeIDE_1.13.2/STM32CubeIDE/plugins/com.st.stm32cube.ide.mcu.externaltools.gnu-tools-for-stm32.11.3.rel1.win32_1.1.1.202309131626/tools/bin/../lib/gcc/arm-none-eabi/11.3.1/../../../../arm-none-eabi/lib/thumb/v7-m/nofp\libc.a
LOAD C:/ST/STM32CubeIDE_1.13.2/STM32CubeIDE/plugins/com.st.stm32cube.ide.mcu.externaltools.gnu-tools-for-stm32.11.3.rel1.win32_1.1.1.202309131626/tools/bin/../lib/gcc/arm-none-eabi/11.3.1/../../../../arm-none-eabi/lib/thumb/v7-m/nofp\libm.a
LOAD C:/ST/STM32CubeIDE_1.13.2/STM32CubeIDE/plugins/com.st.stm32cube.ide.mcu.externaltools.gnu-tools-for-stm32.11.3.rel1.win32_1.1.1.202309131626/tools/bin/../lib/gcc/arm-none-eabi/11.3.1/thumb/v7-m/nofp\libgcc.a

.comment        0x0000000000000000       0x43
 .comment       0x0000000000000000       0x43 C:/ST/STM32CubeIDE_1.13.2/STM32CubeIDE/plugins/com.st.stm32cube.ide.mcu.externaltools.gnu-tools-for-stm32.11.3.rel1.win32_1.1.1.202309131626/tools/bin/../lib/gcc/arm-none-eabi/11.3.1/thumb/v7-m/nofp/crtbegin.o
                                         0x44 (size before relaxing)
 .comment       0x0000000000000043       0x44 ./Src/AFIO_program.o
 .comment       0x0000000000000043       0x44 ./Src/DIO_program.o
 .comment       0x0000000000000043       0x44 ./Src/EXTI_program.o
 .comment       0x0000000000000043       0x44 ./Src/GSM_program.o
 .comment       0x0000000000000043       0x44 ./Src/I2C_program.o
 .comment       0x0000000000000043       0x44 ./Src/NVIC_program.o
 .comment       0x0000000000000043       0x44 ./Src/RCC_program.o
 .comment       0x0000000000000043       0x44 ./Src/SHT.o
 .comment       0x0000000000000043       0x44 ./Src/SoilSensor.o
 .comment       0x0000000000000043       0x44 ./Src/USART3_program.o
 .comment       0x0000000000000043       0x44 ./Src/USART_program.o
 .comment       0x0000000000000043       0x44 ./Src/main.o

.debug_info     0x0000000000000000     0x19fb
 .debug_info    0x0000000000000000      0x120 ./Src/AFIO_program.o
 .debug_info    0x0000000000000120      0x1cc ./Src/DIO_program.o
 .debug_info    0x00000000000002ec      0x28a ./Src/EXTI_program.o
 .debug_info    0x0000000000000576      0x31e ./Src/GSM_program.o
 .debug_info    0x0000000000000894      0x18e ./Src/I2C_program.o
 .debug_info    0x0000000000000a22      0x1c6 ./Src/NVIC_program.o
 .debug_info    0x0000000000000be8      0x173 ./Src/RCC_program.o
 .debug_info    0x0000000000000d5b      0x1b0 ./Src/SHT.o
 .debug_info    0x0000000000000f0b      0x1a2 ./Src/SoilSensor.o
 .debug_info    0x00000000000010ad      0x2a7 ./Src/USART3_program.o
 .debug_info    0x0000000000001354      0x1a7 ./Src/USART_program.o
 .debug_info    0x00000000000014fb      0x4dd ./Src/main.o
 .debug_info    0x00000000000019d8       0x23 ./Startup/startup_stm32f103c8tx.o

.debug_abbrev   0x0000000000000000      0xd94
 .debug_abbrev  0x0000000000000000       0xb9 ./Src/AFIO_program.o
 .debug_abbrev  0x00000000000000b9       0xfe ./Src/DIO_program.o
 .debug_abbrev  0x00000000000001b7      0x131 ./Src/EXTI_program.o
 .debug_abbrev  0x00000000000002e8      0x1f3 ./Src/GSM_program.o
 .debug_abbrev  0x00000000000004db       0xf3 ./Src/I2C_program.o
 .debug_abbrev  0x00000000000005ce       0xf4 ./Src/NVIC_program.o
 .debug_abbrev  0x00000000000006c2       0xbe ./Src/RCC_program.o
 .debug_abbrev  0x0000000000000780      0x10f ./Src/SHT.o
 .debug_abbrev  0x000000000000088f       0xc8 ./Src/SoilSensor.o
 .debug_abbrev  0x0000000000000957      0x158 ./Src/USART3_program.o
 .debug_abbrev  0x0000000000000aaf      0x13a ./Src/USART_program.o
 .debug_abbrev  0x0000000000000be9      0x199 ./Src/main.o
 .debug_abbrev  0x0000000000000d82       0x12 ./Startup/startup_stm32f103c8tx.o

.debug_aranges  0x0000000000000000      0x328
 .debug_aranges
                0x0000000000000000       0x28 ./Src/AFIO_program.o
 .debug_aranges
                0x0000000000000028       0x38 ./Src/DIO_program.o
 .debug_aranges
                0x0000000000000060       0x68 ./Src/EXTI_program.o
 .debug_aranges
                0x00000000000000c8       0x58 ./Src/GSM_program.o
 .debug_aranges
                0x0000000000000120       0x48 ./Src/I2C_program.o
 .debug_aranges
                0x0000000000000168       0x50 ./Src/NVIC_program.o
 .debug_aranges
                0x00000000000001b8       0x30 ./Src/RCC_program.o
 .debug_aranges
                0x00000000000001e8       0x30 ./Src/SHT.o
 .debug_aranges
                0x0000000000000218       0x20 ./Src/SoilSensor.o
 .debug_aranges
                0x0000000000000238       0x50 ./Src/USART3_program.o
 .debug_aranges
                0x0000000000000288       0x50 ./Src/USART_program.o
 .debug_aranges
                0x00000000000002d8       0x28 ./Src/main.o
 .debug_aranges
                0x0000000000000300       0x28 ./Startup/startup_stm32f103c8tx.o

.debug_rnglists
                0x0000000000000000      0x22f
 .debug_rnglists
                0x0000000000000000       0x1b ./Src/AFIO_program.o
 .debug_rnglists
                0x000000000000001b       0x29 ./Src/DIO_program.o
 .debug_rnglists
                0x0000000000000044       0x4b ./Src/EXTI_program.o
 .debug_rnglists
                0x000000000000008f       0x41 ./Src/GSM_program.o
 .debug_rnglists
                0x00000000000000d0       0x31 ./Src/I2C_program.o
 .debug_rnglists
                0x0000000000000101       0x37 ./Src/NVIC_program.o
 .debug_rnglists
                0x0000000000000138       0x21 ./Src/RCC_program.o
 .debug_rnglists
                0x0000000000000159       0x21 ./Src/SHT.o
 .debug_rnglists
                0x000000000000017a       0x14 ./Src/SoilSensor.o
 .debug_rnglists
                0x000000000000018e       0x37 ./Src/USART3_program.o
 .debug_rnglists
                0x00000000000001c5       0x37 ./Src/USART_program.o
 .debug_rnglists
                0x00000000000001fc       0x1a ./Src/main.o
 .debug_rnglists
                0x0000000000000216       0x19 ./Startup/startup_stm32f103c8tx.o

.debug_macro    0x0000000000000000     0x149b
 .debug_macro   0x0000000000000000       0x4c ./Src/AFIO_program.o
 .debug_macro   0x000000000000004c      0xaa2 ./Src/AFIO_program.o
 .debug_macro   0x0000000000000aee       0x22 ./Src/AFIO_program.o
 .debug_macro   0x0000000000000b10       0x22 ./Src/AFIO_program.o
 .debug_macro   0x0000000000000b32       0x22 ./Src/AFIO_program.o
 .debug_macro   0x0000000000000b54       0x3a ./Src/AFIO_program.o
 .debug_macro   0x0000000000000b8e       0xe2 ./Src/AFIO_program.o
 .debug_macro   0x0000000000000c70       0x3f ./Src/DIO_program.o
 .debug_macro   0x0000000000000caf       0xdc ./Src/DIO_program.o
 .debug_macro   0x0000000000000d8b       0x88 ./Src/DIO_program.o
 .debug_macro   0x0000000000000e13       0x45 ./Src/EXTI_program.o
 .debug_macro   0x0000000000000e58       0x22 ./Src/EXTI_program.o
 .debug_macro   0x0000000000000e7a       0x22 ./Src/EXTI_program.o
 .debug_macro   0x0000000000000e9c       0x16 ./Src/EXTI_program.o
 .debug_macro   0x0000000000000eb2       0x28 ./Src/EXTI_program.o
 .debug_macro   0x0000000000000eda       0x37 ./Src/GSM_program.o
 .debug_macro   0x0000000000000f11       0x44 ./Src/I2C_program.o
 .debug_macro   0x0000000000000f55       0x16 ./Src/I2C_program.o
 .debug_macro   0x0000000000000f6b       0x4b ./Src/NVIC_program.o
 .debug_macro   0x0000000000000fb6       0x70 ./Src/NVIC_program.o
 .debug_macro   0x0000000000001026       0x10 ./Src/NVIC_program.o
 .debug_macro   0x0000000000001036       0x3e ./Src/RCC_program.o
 .debug_macro   0x0000000000001074       0x1c ./Src/RCC_program.o
 .debug_macro   0x0000000000001090       0xfa ./Src/RCC_program.o
 .debug_macro   0x000000000000118a       0x52 ./Src/RCC_program.o
 .debug_macro   0x00000000000011dc       0x5d ./Src/SHT.o
 .debug_macro   0x0000000000001239       0x37 ./Src/SoilSensor.o
 .debug_macro   0x0000000000001270       0x3f ./Src/USART3_program.o
 .debug_macro   0x00000000000012af       0x28 ./Src/USART3_program.o
 .debug_macro   0x00000000000012d7       0x46 ./Src/USART3_program.o
 .debug_macro   0x000000000000131d       0x3f ./Src/USART_program.o
 .debug_macro   0x000000000000135c       0x28 ./Src/USART_program.o
 .debug_macro   0x0000000000001384       0x52 ./Src/USART_program.o
 .debug_macro   0x00000000000013d6       0xc5 ./Src/main.o

.debug_line     0x0000000000000000     0x1673
 .debug_line    0x0000000000000000      0x254 ./Src/AFIO_program.o
 .debug_line    0x0000000000000254      0x24d ./Src/DIO_program.o
 .debug_line    0x00000000000004a1      0x1fe ./Src/EXTI_program.o
 .debug_line    0x000000000000069f      0x23d ./Src/GSM_program.o
 .debug_line    0x00000000000008dc      0x18a ./Src/I2C_program.o
 .debug_line    0x0000000000000a66      0x1c4 ./Src/NVIC_program.o
 .debug_line    0x0000000000000c2a      0x13b ./Src/RCC_program.o
 .debug_line    0x0000000000000d65      0x15c ./Src/SHT.o
 .debug_line    0x0000000000000ec1      0x153 ./Src/SoilSensor.o
 .debug_line    0x0000000000001014      0x1d1 ./Src/USART3_program.o
 .debug_line    0x00000000000011e5      0x19c ./Src/USART_program.o
 .debug_line    0x0000000000001381      0x277 ./Src/main.o
 .debug_line    0x00000000000015f8       0x7b ./Startup/startup_stm32f103c8tx.o

.debug_str      0x0000000000000000     0x4b2b
 .debug_str     0x0000000000000000     0x327e ./Src/AFIO_program.o
                                       0x32d0 (size before relaxing)
 .debug_str     0x000000000000327e      0x402 ./Src/DIO_program.o
                                       0x3541 (size before relaxing)
 .debug_str     0x0000000000003680      0x234 ./Src/EXTI_program.o
                                       0x310c (size before relaxing)
 .debug_str     0x00000000000038b4      0x188 ./Src/GSM_program.o
                                       0x3060 (size before relaxing)
 .debug_str     0x0000000000003a3c      0x157 ./Src/I2C_program.o
                                       0x3027 (size before relaxing)
 .debug_str     0x0000000000003b93      0x3fa ./Src/NVIC_program.o
                                       0x32c5 (size before relaxing)
 .debug_str     0x0000000000003f8d      0x497 ./Src/RCC_program.o
                                       0x3362 (size before relaxing)
 .debug_str     0x0000000000004424       0x56 ./Src/SHT.o
                                       0x32d2 (size before relaxing)
 .debug_str     0x000000000000447a       0x74 ./Src/SoilSensor.o
                                       0x2fbf (size before relaxing)
 .debug_str     0x00000000000044ee      0x337 ./Src/USART3_program.o
                                       0x3240 (size before relaxing)
 .debug_str     0x0000000000004825      0x1c7 ./Src/USART_program.o
                                       0x310e (size before relaxing)
 .debug_str     0x00000000000049ec      0x110 ./Src/main.o
                                       0x3900 (size before relaxing)
 .debug_str     0x0000000000004afc       0x2f ./Startup/startup_stm32f103c8tx.o
                                         0x75 (size before relaxing)

.debug_frame    0x0000000000000000      0xfc8
 .debug_frame   0x0000000000000000       0x58 ./Src/AFIO_program.o
 .debug_frame   0x0000000000000058       0xb0 ./Src/DIO_program.o
 .debug_frame   0x0000000000000108      0x164 ./Src/EXTI_program.o
 .debug_frame   0x000000000000026c      0x12c ./Src/GSM_program.o
 .debug_frame   0x0000000000000398       0xe0 ./Src/I2C_program.o
 .debug_frame   0x0000000000000478      0x11c ./Src/NVIC_program.o
 .debug_frame   0x0000000000000594       0x80 ./Src/RCC_program.o
 .debug_frame   0x0000000000000614       0x74 ./Src/SHT.o
 .debug_frame   0x0000000000000688       0x38 ./Src/SoilSensor.o
 .debug_frame   0x00000000000006c0      0x108 ./Src/USART3_program.o
 .debug_frame   0x00000000000007c8      0x104 ./Src/USART_program.o
 .debug_frame   0x00000000000008cc       0x4c ./Src/main.o
 .debug_frame   0x0000000000000918      0x144 C:/ST/STM32CubeIDE_1.13.2/STM32CubeIDE/plugins/com.st.stm32cube.ide.mcu.externaltools.gnu-tools-for-stm32.11.3.rel1.win32_1.1.1.202309131626/tools/bin/../lib/gcc/arm-none-eabi/11.3.1/../../../../arm-none-eabi/lib/thumb/v7-m/nofp\libc_nano.a(libc_a-findfp.o)
 .debug_frame   0x0000000000000a5c       0x20 C:/ST/STM32CubeIDE_1.13.2/STM32CubeIDE/plugins/com.st.stm32cube.ide.mcu.externaltools.gnu-tools-for-stm32.11.3.rel1.win32_1.1.1.202309131626/tools/bin/../lib/gcc/arm-none-eabi/11.3.1/../../../../arm-none-eabi/lib/thumb/v7-m/nofp\libc_nano.a(libc_a-errno.o)
 .debug_frame   0x0000000000000a7c       0x2c C:/ST/STM32CubeIDE_1.13.2/STM32CubeIDE/plugins/com.st.stm32cube.ide.mcu.externaltools.gnu-tools-for-stm32.11.3.rel1.win32_1.1.1.202309131626/tools/bin/../lib/gcc/arm-none-eabi/11.3.1/../../../../arm-none-eabi/lib/thumb/v7-m/nofp\libc_nano.a(libc_a-init.o)
 .debug_frame   0x0000000000000aa8       0x34 C:/ST/STM32CubeIDE_1.13.2/STM32CubeIDE/plugins/com.st.stm32cube.ide.mcu.externaltools.gnu-tools-for-stm32.11.3.rel1.win32_1.1.1.202309131626/tools/bin/../lib/gcc/arm-none-eabi/11.3.1/../../../../arm-none-eabi/lib/thumb/v7-m/nofp\libm.a(libm_a-w_pow.o)
 .debug_frame   0x0000000000000adc       0x20 C:/ST/STM32CubeIDE_1.13.2/STM32CubeIDE/plugins/com.st.stm32cube.ide.mcu.externaltools.gnu-tools-for-stm32.11.3.rel1.win32_1.1.1.202309131626/tools/bin/../lib/gcc/arm-none-eabi/11.3.1/../../../../arm-none-eabi/lib/thumb/v7-m/nofp\libm.a(libm_a-s_finite.o)
 .debug_frame   0x0000000000000afc       0x78 C:/ST/STM32CubeIDE_1.13.2/STM32CubeIDE/plugins/com.st.stm32cube.ide.mcu.externaltools.gnu-tools-for-stm32.11.3.rel1.win32_1.1.1.202309131626/tools/bin/../lib/gcc/arm-none-eabi/11.3.1/../../../../arm-none-eabi/lib/thumb/v7-m/nofp\libm.a(libm_a-e_pow.o)
 .debug_frame   0x0000000000000b74       0x20 C:/ST/STM32CubeIDE_1.13.2/STM32CubeIDE/plugins/com.st.stm32cube.ide.mcu.externaltools.gnu-tools-for-stm32.11.3.rel1.win32_1.1.1.202309131626/tools/bin/../lib/gcc/arm-none-eabi/11.3.1/../../../../arm-none-eabi/lib/thumb/v7-m/nofp\libm.a(libm_a-s_fabs.o)
 .debug_frame   0x0000000000000b94       0x30 C:/ST/STM32CubeIDE_1.13.2/STM32CubeIDE/plugins/com.st.stm32cube.ide.mcu.externaltools.gnu-tools-for-stm32.11.3.rel1.win32_1.1.1.202309131626/tools/bin/../lib/gcc/arm-none-eabi/11.3.1/../../../../arm-none-eabi/lib/thumb/v7-m/nofp\libm.a(libm_a-s_scalbn.o)
 .debug_frame   0x0000000000000bc4      0x120 C:/ST/STM32CubeIDE_1.13.2/STM32CubeIDE/plugins/com.st.stm32cube.ide.mcu.externaltools.gnu-tools-for-stm32.11.3.rel1.win32_1.1.1.202309131626/tools/bin/../lib/gcc/arm-none-eabi/11.3.1/../../../../arm-none-eabi/lib/thumb/v7-m/nofp\libm.a(libm_a-math_err.o)
 .debug_frame   0x0000000000000ce4       0x38 C:/ST/STM32CubeIDE_1.13.2/STM32CubeIDE/plugins/com.st.stm32cube.ide.mcu.externaltools.gnu-tools-for-stm32.11.3.rel1.win32_1.1.1.202309131626/tools/bin/../lib/gcc/arm-none-eabi/11.3.1/../../../../arm-none-eabi/lib/thumb/v7-m/nofp\libm.a(libm_a-e_sqrt.o)
 .debug_frame   0x0000000000000d1c       0xac C:/ST/STM32CubeIDE_1.13.2/STM32CubeIDE/plugins/com.st.stm32cube.ide.mcu.externaltools.gnu-tools-for-stm32.11.3.rel1.win32_1.1.1.202309131626/tools/bin/../lib/gcc/arm-none-eabi/11.3.1/thumb/v7-m/nofp\libgcc.a(_arm_addsubdf3.o)
 .debug_frame   0x0000000000000dc8       0x50 C:/ST/STM32CubeIDE_1.13.2/STM32CubeIDE/plugins/com.st.stm32cube.ide.mcu.externaltools.gnu-tools-for-stm32.11.3.rel1.win32_1.1.1.202309131626/tools/bin/../lib/gcc/arm-none-eabi/11.3.1/thumb/v7-m/nofp\libgcc.a(_arm_muldivdf3.o)
 .debug_frame   0x0000000000000e18       0xc4 C:/ST/STM32CubeIDE_1.13.2/STM32CubeIDE/plugins/com.st.stm32cube.ide.mcu.externaltools.gnu-tools-for-stm32.11.3.rel1.win32_1.1.1.202309131626/tools/bin/../lib/gcc/arm-none-eabi/11.3.1/thumb/v7-m/nofp\libgcc.a(_arm_cmpdf2.o)
 .debug_frame   0x0000000000000edc       0x20 C:/ST/STM32CubeIDE_1.13.2/STM32CubeIDE/plugins/com.st.stm32cube.ide.mcu.externaltools.gnu-tools-for-stm32.11.3.rel1.win32_1.1.1.202309131626/tools/bin/../lib/gcc/arm-none-eabi/11.3.1/thumb/v7-m/nofp\libgcc.a(_arm_unorddf2.o)
 .debug_frame   0x0000000000000efc       0x24 C:/ST/STM32CubeIDE_1.13.2/STM32CubeIDE/plugins/com.st.stm32cube.ide.mcu.externaltools.gnu-tools-for-stm32.11.3.rel1.win32_1.1.1.202309131626/tools/bin/../lib/gcc/arm-none-eabi/11.3.1/thumb/v7-m/nofp\libgcc.a(_arm_truncdfsf2.o)
 .debug_frame   0x0000000000000f20       0x4c C:/ST/STM32CubeIDE_1.13.2/STM32CubeIDE/plugins/com.st.stm32cube.ide.mcu.externaltools.gnu-tools-for-stm32.11.3.rel1.win32_1.1.1.202309131626/tools/bin/../lib/gcc/arm-none-eabi/11.3.1/thumb/v7-m/nofp\libgcc.a(_arm_addsubsf3.o)
 .debug_frame   0x0000000000000f6c       0x38 C:/ST/STM32CubeIDE_1.13.2/STM32CubeIDE/plugins/com.st.stm32cube.ide.mcu.externaltools.gnu-tools-for-stm32.11.3.rel1.win32_1.1.1.202309131626/tools/bin/../lib/gcc/arm-none-eabi/11.3.1/thumb/v7-m/nofp\libgcc.a(_arm_muldivsf3.o)
 .debug_frame   0x0000000000000fa4       0x24 C:/ST/STM32CubeIDE_1.13.2/STM32CubeIDE/plugins/com.st.stm32cube.ide.mcu.externaltools.gnu-tools-for-stm32.11.3.rel1.win32_1.1.1.202309131626/tools/bin/../lib/gcc/arm-none-eabi/11.3.1/thumb/v7-m/nofp\libgcc.a(_arm_fixunssfsi.o)

.debug_line_str
                0x0000000000000000       0x69
 .debug_line_str
                0x0000000000000000       0x69 ./Startup/startup_stm32f103c8tx.o
                                         0x81 (size before relaxing)
